20:42:55 **** Build of configuration Debug for project lab1_third_attempt ****
make pre-build main-build 
a9-linaro-pre-build-step
' '
'Building file: ../src/lab1.c'
'Invoking: ARM v7 gcc compiler'
arm-none-eabi-gcc -Wall -O0 -g3 -c -fmessage-length=0 -MT"src/lab1.o" -mcpu=cortex-a9 -mfpu=vfpv3 -mfloat-abi=hard -I../../standalone_bsp_0/ps7_cortexa9_0/include -MMD -MP -MF"src/lab1.d" -MT"src/lab1.o" -o "src/lab1.o" "../src/lab1.c"
../src/lab1.c: In function 'main':
../src/lab1.c:59:11: warning: this 'if' clause does not guard... [-Wmisleading-indentation]
           if((sw_check & 0x0f)==0x0F)
           ^~
../src/lab1.c:61:5: note: ...this statement, but the latter is misleadingly indented as if it is guarded by the 'if'
     for (i=0; i<9999999; i++); // delay loop
     ^~~
'Finished building: ../src/lab1.c'
' '
'Building target: lab1_third_attempt.elf'
'Invoking: ARM v7 gcc linker'
arm-none-eabi-gcc -mcpu=cortex-a9 -mfpu=vfpv3 -mfloat-abi=hard -Wl,-build-id=none -specs=Xilinx.spec -Wl,-T -Wl,../src/lscript.ld -L../../standalone_bsp_0/ps7_cortexa9_0/lib -o "lab1_third_attempt.elf"  ./src/lab1.o   -Wl,--start-group,-lxil,-lgcc,-lc,--end-group
'Finished building target: lab1_third_attempt.elf'
' '
'Invoking: ARM v7 Print Size'
arm-none-eabi-size lab1_third_attempt.elf  |tee "lab1_third_attempt.elf.size"
   text	   data	    bss	    dec	    hex	filename
  30748	   1196	  22616	  54560	   d520	lab1_third_attempt.elf
'Finished building: lab1_third_attempt.elf.size'
' '

20:42:56 Build Finished (took 1s.93ms)

